{
  "version": "1.5.0",
  "plugins_used": [
    {
      "name": "ArtifactoryDetector"
    },
    {
      "name": "AWSKeyDetector"
    },
    {
      "name": "AzureStorageKeyDetector"
    },
    {
      "name": "Base64HighEntropyString",
      "limit": 4.5
    },
    {
      "name": "BasicAuthDetector"
    },
    {
      "name": "CloudantDetector"
    },
    {
      "name": "DiscordBotTokenDetector"
    },
    {
      "name": "GitHubTokenDetector"
    },
    {
      "name": "GitLabTokenDetector"
    },
    {
      "name": "HexHighEntropyString",
      "limit": 3.0
    },
    {
      "name": "IbmCloudIamDetector"
    },
    {
      "name": "IbmCosHmacDetector"
    },
    {
      "name": "IPPublicDetector"
    },
    {
      "name": "JwtTokenDetector"
    },
    {
      "name": "KeywordDetector",
      "keyword_exclude": ""
    },
    {
      "name": "MailchimpDetector"
    },
    {
      "name": "NpmDetector"
    },
    {
      "name": "OpenAIDetector"
    },
    {
      "name": "PrivateKeyDetector"
    },
    {
      "name": "PypiTokenDetector"
    },
    {
      "name": "SendGridDetector"
    },
    {
      "name": "SlackDetector"
    },
    {
      "name": "SoftlayerDetector"
    },
    {
      "name": "SquareOAuthDetector"
    },
    {
      "name": "StripeDetector"
    },
    {
      "name": "TelegramBotTokenDetector"
    },
    {
      "name": "TwilioKeyDetector"
    }
  ],
  "filters_used": [
    {
      "path": "detect_secrets.filters.allowlist.is_line_allowlisted"
    },
    {
      "path": "detect_secrets.filters.common.is_baseline_file",
      "filename": ".secrets.baseline"
    },
    {
      "path": "detect_secrets.filters.common.is_ignored_due_to_verification_policies",
      "min_level": 2
    },
    {
      "path": "detect_secrets.filters.heuristic.is_indirect_reference"
    },
    {
      "path": "detect_secrets.filters.heuristic.is_likely_id_string"
    },
    {
      "path": "detect_secrets.filters.heuristic.is_lock_file"
    },
    {
      "path": "detect_secrets.filters.heuristic.is_not_alphanumeric_string"
    },
    {
      "path": "detect_secrets.filters.heuristic.is_potential_uuid"
    },
    {
      "path": "detect_secrets.filters.heuristic.is_prefixed_with_dollar_sign"
    },
    {
      "path": "detect_secrets.filters.heuristic.is_sequential_string"
    },
    {
      "path": "detect_secrets.filters.heuristic.is_swagger_file"
    },
    {
      "path": "detect_secrets.filters.heuristic.is_templated_secret"
    },
    {
      "path": "detect_secrets.filters.regex.should_exclude_file",
      "pattern": [
        "\\.secrets\\.baseline|mobile/package-lock\\.json|backend/uv\\.lock|contracts/openapi\\.json|mobile/src/api/generated/.*"
      ]
    }
  ],
  "results": {
    ".github/workflows/ci.yml": [
      {
        "type": "Secret Keyword",
        "filename": ".github/workflows/ci.yml",
        "hashed_secret": "1f8a821bdb69f13722269f87b8256ad575bf34aa",
        "is_verified": false,
        "line_number": 13
      },
      {
        "type": "Secret Keyword",
        "filename": ".github/workflows/ci.yml",
        "hashed_secret": "f6bbbd7be83db7eae2296e919e5aca44ef957172",
        "is_verified": false,
        "line_number": 16
      }
    ],
    "Makefile": [
      {
        "type": "Secret Keyword",
        "filename": "Makefile",
        "hashed_secret": "7bf05f4188a85c8bd37f04bd15f804717fe92e2a",
        "is_verified": false,
        "line_number": 69
      }
    ],
    "backend/alembic/versions/a2d3f4e5b607_add_receipt_source_fingerprint.py": [
      {
        "type": "Hex High Entropy String",
        "filename": "backend/alembic/versions/a2d3f4e5b607_add_receipt_source_fingerprint.py",
        "hashed_secret": "bbf07a82d3461e4a99fec2d208b466c4c54db538",
        "is_verified": false,
        "line_number": 7
      },
      {
        "type": "Hex High Entropy String",
        "filename": "backend/alembic/versions/a2d3f4e5b607_add_receipt_source_fingerprint.py",
        "hashed_secret": "440f3400096169c3c5042e2959f6aec5a60e85fc",
        "is_verified": false,
        "line_number": 8
      }
    ],
    "backend/alembic/versions/b3e4f5a6c708_add_subscription_plan.py": [
      {
        "type": "Hex High Entropy String",
        "filename": "backend/alembic/versions/b3e4f5a6c708_add_subscription_plan.py",
        "hashed_secret": "68b7a3d573ea66ea734efa9f65bb9c7e12cef7b9",
        "is_verified": false,
        "line_number": 6
      },
      {
        "type": "Hex High Entropy String",
        "filename": "backend/alembic/versions/b3e4f5a6c708_add_subscription_plan.py",
        "hashed_secret": "bbf07a82d3461e4a99fec2d208b466c4c54db538",
        "is_verified": false,
        "line_number": 7
      }
    ],
    "backend/alembic/versions/b6e7f8a9c012_add_analytics_foundation.py": [
      {
        "type": "Hex High Entropy String",
        "filename": "backend/alembic/versions/b6e7f8a9c012_add_analytics_foundation.py",
        "hashed_secret": "6d76d18c207224ccad1ca7794e0ebed27fa24117",
        "is_verified": false,
        "line_number": 12
      },
      {
        "type": "Hex High Entropy String",
        "filename": "backend/alembic/versions/b6e7f8a9c012_add_analytics_foundation.py",
        "hashed_secret": "47fbf2e983eac4e1f7aa6945de5a5ce90e70ae50",
        "is_verified": false,
        "line_number": 13
      }
    ],
    "backend/alembic/versions/c4d5e6f7a809_add_legacy_device_metadata.py": [
      {
        "type": "Hex High Entropy String",
        "filename": "backend/alembic/versions/c4d5e6f7a809_add_legacy_device_metadata.py",
        "hashed_secret": "338ca00f017ca502c0b957cafebb8a461fac74f4",
        "is_verified": false,
        "line_number": 7
      },
      {
        "type": "Hex High Entropy String",
        "filename": "backend/alembic/versions/c4d5e6f7a809_add_legacy_device_metadata.py",
        "hashed_secret": "68b7a3d573ea66ea734efa9f65bb9c7e12cef7b9",
        "is_verified": false,
        "line_number": 8
      }
    ],
    "backend/alembic/versions/d5e6f7a8b910_add_product_categories_and_barcodes.py": [
      {
        "type": "Hex High Entropy String",
        "filename": "backend/alembic/versions/d5e6f7a8b910_add_product_categories_and_barcodes.py",
        "hashed_secret": "47fbf2e983eac4e1f7aa6945de5a5ce90e70ae50",
        "is_verified": false,
        "line_number": 7
      },
      {
        "type": "Hex High Entropy String",
        "filename": "backend/alembic/versions/d5e6f7a8b910_add_product_categories_and_barcodes.py",
        "hashed_secret": "338ca00f017ca502c0b957cafebb8a461fac74f4",
        "is_verified": false,
        "line_number": 8
      }
    ],
    "backend/alembic/versions/e6f2b8a3d901_create_ai_credit_usage.py": [
      {
        "type": "Hex High Entropy String",
        "filename": "backend/alembic/versions/e6f2b8a3d901_create_ai_credit_usage.py",
        "hashed_secret": "cc90c991f6cfc70230130577bfe10e571a6912f1",
        "is_verified": false,
        "line_number": 14
      },
      {
        "type": "Hex High Entropy String",
        "filename": "backend/alembic/versions/e6f2b8a3d901_create_ai_credit_usage.py",
        "hashed_secret": "e322e4501cf7991d73f867445ddd4ebcf2cb5392",
        "is_verified": false,
        "line_number": 15
      }
    ],
    "backend/alembic/versions/f1c4a9d2e706_complete_ai_report_schema.py": [
      {
        "type": "Hex High Entropy String",
        "filename": "backend/alembic/versions/f1c4a9d2e706_complete_ai_report_schema.py",
        "hashed_secret": "440f3400096169c3c5042e2959f6aec5a60e85fc",
        "is_verified": false,
        "line_number": 14
      },
      {
        "type": "Hex High Entropy String",
        "filename": "backend/alembic/versions/f1c4a9d2e706_complete_ai_report_schema.py",
        "hashed_secret": "cc90c991f6cfc70230130577bfe10e571a6912f1",
        "is_verified": false,
        "line_number": 15
      }
    ],
    "backend/tests/test_auth.py": [
      {
        "type": "Secret Keyword",
        "filename": "backend/tests/test_auth.py",
        "hashed_secret": "6572c64c9384b49dea79561fb6a74aff811904c4",
        "is_verified": false,
        "line_number": 57
      }
    ],
    "backend/tests/test_integration.py": [
      {
        "type": "Secret Keyword",
        "filename": "backend/tests/test_integration.py",
        "hashed_secret": "ab3eb0f868f05373c611a6c904ae319ff0772c0c",
        "is_verified": false,
        "line_number": 160
      }
    ],
    "backend/tests/test_migrations.py": [
      {
        "type": "Hex High Entropy String",
        "filename": "backend/tests/test_migrations.py",
        "hashed_secret": "c1fca771177130b7782c8d8de339a4ed06589061",
        "is_verified": false,
        "line_number": 221
      },
      {
        "type": "Hex High Entropy String",
        "filename": "backend/tests/test_migrations.py",
        "hashed_secret": "440f3400096169c3c5042e2959f6aec5a60e85fc",
        "is_verified": false,
        "line_number": 335
      }
    ],
    "backend/tests/test_routers_auth.py": [
      {
        "type": "Secret Keyword",
        "filename": "backend/tests/test_routers_auth.py",
        "hashed_secret": "ab3eb0f868f05373c611a6c904ae319ff0772c0c",
        "is_verified": false,
        "line_number": 24
      },
      {
        "type": "Secret Keyword",
        "filename": "backend/tests/test_routers_auth.py",
        "hashed_secret": "c06a0a75a22a8b2f23bc8bf21d033585901f2b0a",
        "is_verified": false,
        "line_number": 96
      },
      {
        "type": "Secret Keyword",
        "filename": "backend/tests/test_routers_auth.py",
        "hashed_secret": "6cca58fd7bcdac7ff6e551a93af8653819e5debf",
        "is_verified": false,
        "line_number": 149
      },
      {
        "type": "Secret Keyword",
        "filename": "backend/tests/test_routers_auth.py",
        "hashed_secret": "5c4f2778eafa38751fbd21fd4c1ef13ed9cfcff6",
        "is_verified": false,
        "line_number": 195
      },
      {
        "type": "Secret Keyword",
        "filename": "backend/tests/test_routers_auth.py",
        "hashed_secret": "49aaf3412b65a2765a83f15f86f034261be3c660",
        "is_verified": false,
        "line_number": 204
      }
    ]
  },
  "generated_at": "2026-08-28T14:58:01Z"
}
